14:38:23 **** Incremental Build of configuration Debug for project Exercise_9 ****
make -j16 all 
arm-none-eabi-gcc "../Core/Src/main.c" -mcpu=cortex-m4 -std=gnu11 -g3 -DUSE_HAL_DRIVER -DSTM32F411xE -DDEBUG -c -I../Middlewares/Third_Party/FreeRTOS/Source/include -I../Middlewares/Third_Party/FreeRTOS/Source/portable/GCC/ARM_CM4F -I../Drivers/CMSIS/Include -I../Drivers/STM32F4xx_HAL_Driver/Inc -I../Core/Inc -I../Drivers/CMSIS/Device/ST/STM32F4xx/Include -I../Middlewares/Third_Party/FreeRTOS/Source/CMSIS_RTOS -I../Drivers/STM32F4xx_HAL_Driver/Inc/Legacy -O0 -ffunction-sections -fdata-sections -Wall -fstack-usage -MMD -MP -MF"Core/Src/main.d" -MT"Core/Src/main.o" --specs=nano.specs -mfpu=fpv4-sp-d16 -mfloat-abi=hard -mthumb -o "Core/Src/main.o"
arm-none-eabi-g++ -o "Exercise_9.elf" @"objects.list"   -mcpu=cortex-m4 -T"D:\RIT_Spring2023\RTOS_CPET461_RIT\RTOS_workspace\Exercise_9\STM32F411VETX_FLASH.ld" --specs=nosys.specs -Wl,-Map="Exercise_9.map" -Wl,--gc-sections -static --specs=nano.specs -mfpu=fpv4-sp-d16 -mfloat-abi=hard -mthumb -Wl,--start-group -lc -lm -lstdc++ -lsupc++ -Wl,--end-group
Finished building target: Exercise_9.elf
 
arm-none-eabi-objdump -h -S  Exercise_9.elf  > "Exercise_9.list"
arm-none-eabi-size   Exercise_9.elf 
   text	   data	    bss	    dec	    hex	filename
  23220	     28	  18252	  41500	   a21c	Exercise_9.elf
Finished building: default.size.stdout
 
Finished building: Exercise_9.list
 

14:38:26 Build Finished. 0 errors, 0 warnings. (took 2s.723ms)

