14:47:30 **** Incremental Build of configuration Debug for project Lab1 ****
make -j8 all 
arm-none-eabi-gcc "../Core/Src/main.c" -mcpu=cortex-m4 -std=gnu11 -g3 -DUSE_HAL_DRIVER -DSTM32F411xE -DDEBUG -c -I../Drivers/CMSIS/Include -I../Drivers/STM32F4xx_HAL_Driver/Inc -I../Core/Inc -I../Drivers/CMSIS/Device/ST/STM32F4xx/Include -I../Drivers/STM32F4xx_HAL_Driver/Inc/Legacy -O0 -ffunction-sections -fdata-sections -Wall -fstack-usage -MMD -MP -MF"Core/Src/main.d" -MT"Core/Src/main.o" --specs=nano.specs -mfpu=fpv4-sp-d16 -mfloat-abi=hard -mthumb -o "Core/Src/main.o"
arm-none-eabi-g++ -o "Lab1.elf" @"objects.list"   -mcpu=cortex-m4 -T"S:\RTOS_workspace\Lab1\STM32F411VETX_FLASH.ld" --specs=nosys.specs -Wl,-Map="Lab1.map" -Wl,--gc-sections -static --specs=nano.specs -mfpu=fpv4-sp-d16 -mfloat-abi=hard -mthumb -Wl,--start-group -lc -lm -lstdc++ -lsupc++ -Wl,--end-group
Finished building target: Lab1.elf
 
arm-none-eabi-objdump -h -S  Lab1.elf  > "Lab1.list"
arm-none-eabi-size   Lab1.elf 
   text	   data	    bss	    dec	    hex	filename
  11412	     20	   1884	  13316	   3404	Lab1.elf
Finished building: default.size.stdout
 
Finished building: Lab1.list
 

14:47:33 Build Finished. 0 errors, 0 warnings. (took 3s.166ms)

