main.c:90:5:main	128	static
main.c:191:6:SystemClock_Config	112	static
main.c:243:13:MX_I2C1_Init	8	static
main.c:277:13:MX_I2S2_Init	8	static
main.c:311:13:MX_I2S3_Init	8	static
main.c:345:13:MX_SPI1_Init	8	static
main.c:383:13:MX_GPIO_Init	56	static
main.c:469:6:RendezvousBarrierS	24	static
main.c:489:6:RendezvousBarrierM	8	static
main.c:515:6:StartGreenTask	32	static
main.c:565:6:StartRedTask	32	static
main.c:614:6:StartBlueTask	32	static
main.c:664:6:HAL_TIM_PeriodElapsedCallback	16	static
main.c:681:6:Error_Handler	4	static
