main.c:88:5:main	112	static
main.c:179:6:SystemClock_Config	112	static
main.c:231:13:MX_I2C1_Init	8	static
main.c:265:13:MX_I2S2_Init	8	static
main.c:299:13:MX_I2S3_Init	8	static
main.c:333:13:MX_SPI1_Init	8	static
main.c:371:13:MX_GPIO_Init	56	static
main.c:457:6:Access_Function	16	static
main.c:482:6:Start_GreenLED_Task	16	static
main.c:504:6:Start_RedLED_Task	16	static
main.c:526:6:Start_OrangeLED_Task	16	static
main.c:546:6:HAL_TIM_PeriodElapsedCallback	16	static
main.c:563:6:Error_Handler	4	static
