main.c:87:5:main	104	static
main.c:173:6:SystemClock_Config	112	static
main.c:225:13:MX_I2C1_Init	8	static
main.c:259:13:MX_I2S2_Init	8	static
main.c:293:13:MX_I2S3_Init	8	static
main.c:327:13:MX_SPI1_Init	8	static
main.c:365:13:MX_GPIO_Init	56	static
main.c:451:6:Access_Function	16	static
main.c:473:6:start_GreenLED_task	16	static
main.c:497:6:start_RedLED_task	16	static
main.c:521:6:task_OrangeLED_task	16	static
main.c:541:6:HAL_TIM_PeriodElapsedCallback	16	static
main.c:558:6:Error_Handler	4	static
