main.c:87:5:main	112	static
main.c:178:6:SystemClock_Config	112	static
main.c:230:13:MX_I2C1_Init	8	static
main.c:264:13:MX_I2S2_Init	8	static
main.c:298:13:MX_I2S3_Init	8	static
main.c:332:13:MX_SPI1_Init	8	static
main.c:370:13:MX_GPIO_Init	56	static
main.c:456:6:Access_Function	16	static
main.c:478:6:Start_GreenLED_Task	16	static
main.c:502:6:Start_RedLED_Task	16	static
main.c:526:6:Start_OrangeLED_Task	16	static
main.c:546:6:HAL_TIM_PeriodElapsedCallback	16	static
main.c:563:6:Error_Handler	4	static
